// Vitest Snapshot v1, https://vitest.dev/guide/snapshot.html

exports[`golden compile output > emits a stable tree across all three adapters 1`] = `
{
  ".sdlc/emitted.json": "{
  "version": 1,
  "files": [
    "AGENTS.md",
    "portability.gap.yml"
  ]
}
",
  "AGENTS.md": "# AI SDLC Constitution (base)

This is the host-neutral constitution for the internal AI SDLC framework. It is
compiled into each host's native format (Cursor rules, Claude Code / \`AGENTS.md\`,
Copilot instructions). Teams extend it through their **overlay** — they never
edit this file directly.

## Non-negotiable gates

These four gates are hard. They are **not** expressible in the overlay schema, so
no team can disable them by configuration or typo:

1. **Review required** — every change is reviewed before it merges (by a human, or
   an agent reviewer whose findings a human signs off on).
2. **Tests must pass** — the project test suite is green before a change ships.
3. **Approved? gate** — orchestration halts for explicit human approval at the
   defined checkpoint before writes leave the workspace.
4. **Least-privilege MCP** — each role reaches only the integrations its declared
   posture allows. Nothing gets blanket tool access.

## Configurable edges (set via overlay)

Everything below the gates is team-owned and lives in the project overlay:

- Default ceremony track (quick / standard / full).
- Additional project coding standards.
- Integration bindings (which MCP server backs each contract, and which roles may
  reach it).
- Per-role model overrides.

## Roles

The base ships role definitions under \`roles/\`. Each role declares a tool
\`posture\` that the compiler turns into concrete per-host permissions.
",
  "portability.gap.yml": "version: 1
gaps:
  - host: copilot
    capability: approved-gate-hook
    reason: Copilot IDE has no PreToolUse hook; the Approved? gate degrades to an
      instruction checklist + branch-protection/CI enforcement.
",
}
`;
