// Vitest Snapshot v1, https://vitest.dev/guide/snapshot.html

exports[`golden compile output > emits a stable tree across all three adapters 1`] = `
{
  ".agents/skills/customize/SKILL.md": "---
name: customize
description: Adapt the AI SDLC base to the current repository — mine its stack,
  emit an evidence-backed overlay + standards index, interview only for gaps,
  then compile and smoke-test.
disable-model-invocation: true
---

# /customize

Adapt the host-neutral base to *this* repository. Repo-mine first; interview only
for what mining cannot answer; emit schema-valid, evidence-backed artifacts; then
compile and gate on a passing smoke run.

## Steps

1. **Mine the repo.** Run \`aisdlc customize --repo .\`. The miner detects
   languages, frameworks, test runner, linters, package managers, CI, CODEOWNERS,
   and docs — ignoring vendored/env dirs (\`venv/\`, \`node_modules/\`, \`__pycache__/\`,
   build output). Every detected standard records the repo path(s) that justify it.

2. **Review the suggested track.** Thin POCs get **Quick**; repos with CI + tests
   get **Full**; everything else gets **Standard**. Override in the overlay if wrong.

3. **Answer only the gaps.** Mining resolves most config. For anything it cannot
   infer (e.g. which internal MCP server backs GitLab/Jira), the command prints a
   short interview. Record answers in \`.sdlc/overlay/.customize.yaml\` and re-run.

4. **Inspect the drift (re-runs).** On a re-run the standards index is diffed
   against the prior one and the delta reported. Re-running is a reviewable change,
   never a silent rewrite.

5. **Compile.** Run \`aisdlc compile --base <base> --overlay .sdlc/overlay/.customize.yaml --out .\`
   to emit host-native config for every host in the manifest.

6. **Smoke gate (hard exit criterion).** \`aisdlc smoke\` runs a trivial
   Engineer→Reviewer change against MCP mocks. **\`/customize\` is not "done" until
   smoke passes** — a failure surfaces a structured fix path, not a green flag.

## Guarantees

- The emitted overlay validates against the base schemas before it is written.
- Only the configurable edges are touched; the non-negotiable gates come from the
  base constitution and are never rewritten here.
",
  ".agents/skills/sdlc-loop/SKILL.md": "---
name: sdlc-loop
description: Run a task through the single-writer Architect -> Engineer ->
  Reviewer loop with a human Approved? gate, compiled to each host's native
  dispatch.
disable-model-invocation: true
---

# /sdlc-loop

Drive one task through the role loop. There is **no custom orchestrator** — the
loop compiles to each host's native dispatch (Cursor/Claude subagents, Copilot
handoffs). This skill encodes the discipline that dispatch must honor.

## Invariants (non-negotiable)

- **Single writer.** Only the Engineer modifies files. Architect, Reviewer, and
  Debugger are read-only.
- **Approved? gate.** Nothing leaves the workspace (no MR, no remote push) until a
  human approves. Enforced by a pre-tool hook on Cursor/Claude; by an instruction
  checklist + CI on Copilot's IDE.
- **Fresh-context review.** The Reviewer runs in a clean context with no write
  access, so its verdict is independent of how the change was produced.

## Flow

1. **Architect (read-only)** turns the task into a bounded plan: scope, non-goals,
   files/interfaces, risks. Returns a compressed summary. → **Approved?**
2. **Engineer (write)** implements strictly to the approved plan, adds/updates
   tests, and runs them green.
3. **Approved? gate** — human checkpoint before review/wrap-up.
4. **Reviewer (fresh, read-only)** approves or requests changes with reasons.
5. On approval, the wrap-up step (see \`wrap-up\`) opens/updates the GitLab MR and
   updates Jira via least-privilege MCP.

If a failure needs investigation, the **Debugger (read-only)** produces a
root-cause + fix approach and hands it back to the Engineer — preserving the
single-writer rule.

## Per-host notes

- **Cursor / Claude Code:** full depth — subagents with enforced postures and a
  hook-based gate.
- **Copilot:** sequential handoffs (\`.github/agents/handoffs.json\`); the gate
  degrades to the instruction checklist + CI; autonomous wrap-up uses the cloud
  agent. See \`portability.gap.yml\` and the capability matrix.
",
  ".agents/skills/wrap-up/SKILL.md": "---
name: wrap-up
description: On approval, open/update the GitLab MR and update the Jira issue
  via least-privilege MCP, validating responses against the integration
  contracts.
disable-model-invocation: true
---

# /wrap-up

The final step of the SDLC loop. Runs **only after** the Reviewer approves and the
\`Approved?\` gate passes. Performed by the Engineer role (the sole writer); other
roles are denied these MCP calls by least-privilege.

## Steps

1. **Read bindings.** The MCP server ids for \`gitlab\` and \`jira\` come from the
   project overlay (\`/customize\` produced them). The base never hardcodes them.
2. **Open/update the MR.** Call the GitLab \`create-mr\` (or \`update-mr\`) tool on the
   bound server with the source/target branches, title, and description.
3. **Update Jira.** Add a comment linking the MR and transition the issue per the
   \`jira\` contract.
4. **Validate responses.** Each response is checked against the thin integration
   contract. A shape mismatch (missing required field, wrong type) is **recorded as
   a contract gap** for the next \`/customize\` — never silently passed.

## Guarantees

- **Least-privilege:** a role without the \`gitlab\`/\`jira\` integration (e.g. the
  read-only Reviewer) is denied — the call raises rather than executing.
- **Contract-checked:** the wrap-up reports gaps instead of trusting the server
  blindly, so drift in the internal Jira/GitLab MCP surfaces early.
- **No live creds in CI:** the smoke gate exercises this path against MCP mocks.
",
  ".claude/agents/architect.md": "---
name: architect
description: Plans the change, defines scope and interfaces, and produces a
  technical approach before any code is written.
tools: Read, Grep, Glob
---

You are the **Architect** in the AI SDLC loop.

Your job is to turn a task into a clear, bounded technical approach — not to
write the implementation. You operate read-only: you may read the repository,
issue tracker, and prior decisions, but you do not modify files or run commands.

When you receive a task:

1. Restate the goal and the explicit non-goals.
2. Identify the files and interfaces likely to change.
3. Surface risks, unknowns, and decisions that need human input.
4. Hand a concrete approach to the Software Engineer.

Stop at the **Approved?** gate before implementation begins. Do not proceed past
a gate without explicit human approval.
",
  ".claude/agents/debugger.md": "---
name: debugger
description: Investigates failures read-only and hands a root-cause + fix
  approach to the Engineer.
tools: Read, Grep, Glob
---

You are the **Debugger**. You explore **read-only** — you investigate, you do not
fix. Preserving the single-writer rule, any change you identify is handed to the
Engineer to implement.

When given a failure:

1. Reproduce it from the evidence provided (logs, stack traces, failing tests).
2. Form a hypothesis and confirm it against the actual code paths involved.
3. Identify the root cause (not just the symptom).
4. Hand the Engineer a concrete, minimal fix approach and the tests that should
   prove it.
",
  ".claude/agents/engineer.md": "---
name: engineer
description: The single writer. Implements the approved plan, runs tests, and
  prepares the change for review.
tools: Read, Grep, Glob, Bash, Write, Edit
---

You are the **Engineer** in the AI SDLC loop — and the **only** role permitted to
modify files. Implement strictly to the Architect's approved plan.

1. Make the smallest change that satisfies the plan; follow existing patterns.
2. Add or update tests for any behavior you change.
3. Run the project's test command and fix failures before handing off.
4. Stop at the **Approved?** gate before anything leaves the workspace (MR/commit
   to remote). Do not open a merge request until the Reviewer approves and the
   gate passes.

You may use the bound GitLab integration only for the wrap-up step, never to
bypass review.
",
  ".claude/agents/reviewer.md": "---
name: reviewer
description: Reviews the Engineer's change in a fresh, read-only context and
  returns a verdict.
tools: Read, Grep, Glob
---

You are the **Reviewer**. You run in a **fresh context** with **no write access** —
you cannot edit files, run mutating commands, or call write integrations. This
independence is the point: you judge the change on its merits, not on the history
of how it was produced.

For the change under review:

1. Verify it implements the approved plan and nothing more (no scope creep).
2. Check tests exist for changed behavior and that they actually exercise it.
3. Look for correctness, security, and maintainability issues.
4. Return a clear verdict: **approve** or **request changes** with specific,
   actionable reasons.

Review is a non-negotiable gate. A change does not ship without your approval.
",
  ".claude/hooks/approved-gate.mjs": "#!/usr/bin/env node
// Claude Code PreToolUse Approved? gate. Blocks Write/Edit/MCP tool use until
// the orchestration loop sets SDLC_APPROVED=1 (after human approval).
if (process.env.SDLC_APPROVED !== "1") {
  console.error("SDLC gate: changes are not Approved? yet. Halting before write/MCP.");
  process.exit(2);
}
process.exit(0);
",
  ".claude/settings.json": "{
  "hooks": {
    "PreToolUse": [
      {
        "matcher": "Write|Edit|MultiEdit|mcp__.*",
        "hooks": [
          {
            "type": "command",
            "command": "node ./.claude/hooks/approved-gate.mjs"
          }
        ]
      }
    ]
  }
}
",
  ".claude/skills/customize/SKILL.md": "---
name: customize
description: Adapt the AI SDLC base to the current repository — mine its stack,
  emit an evidence-backed overlay + standards index, interview only for gaps,
  then compile and smoke-test.
disable-model-invocation: true
---

# /customize

Adapt the host-neutral base to *this* repository. Repo-mine first; interview only
for what mining cannot answer; emit schema-valid, evidence-backed artifacts; then
compile and gate on a passing smoke run.

## Steps

1. **Mine the repo.** Run \`aisdlc customize --repo .\`. The miner detects
   languages, frameworks, test runner, linters, package managers, CI, CODEOWNERS,
   and docs — ignoring vendored/env dirs (\`venv/\`, \`node_modules/\`, \`__pycache__/\`,
   build output). Every detected standard records the repo path(s) that justify it.

2. **Review the suggested track.** Thin POCs get **Quick**; repos with CI + tests
   get **Full**; everything else gets **Standard**. Override in the overlay if wrong.

3. **Answer only the gaps.** Mining resolves most config. For anything it cannot
   infer (e.g. which internal MCP server backs GitLab/Jira), the command prints a
   short interview. Record answers in \`.sdlc/overlay/.customize.yaml\` and re-run.

4. **Inspect the drift (re-runs).** On a re-run the standards index is diffed
   against the prior one and the delta reported. Re-running is a reviewable change,
   never a silent rewrite.

5. **Compile.** Run \`aisdlc compile --base <base> --overlay .sdlc/overlay/.customize.yaml --out .\`
   to emit host-native config for every host in the manifest.

6. **Smoke gate (hard exit criterion).** \`aisdlc smoke\` runs a trivial
   Engineer→Reviewer change against MCP mocks. **\`/customize\` is not "done" until
   smoke passes** — a failure surfaces a structured fix path, not a green flag.

## Guarantees

- The emitted overlay validates against the base schemas before it is written.
- Only the configurable edges are touched; the non-negotiable gates come from the
  base constitution and are never rewritten here.
",
  ".claude/skills/sdlc-loop/SKILL.md": "---
name: sdlc-loop
description: Run a task through the single-writer Architect -> Engineer ->
  Reviewer loop with a human Approved? gate, compiled to each host's native
  dispatch.
disable-model-invocation: true
---

# /sdlc-loop

Drive one task through the role loop. There is **no custom orchestrator** — the
loop compiles to each host's native dispatch (Cursor/Claude subagents, Copilot
handoffs). This skill encodes the discipline that dispatch must honor.

## Invariants (non-negotiable)

- **Single writer.** Only the Engineer modifies files. Architect, Reviewer, and
  Debugger are read-only.
- **Approved? gate.** Nothing leaves the workspace (no MR, no remote push) until a
  human approves. Enforced by a pre-tool hook on Cursor/Claude; by an instruction
  checklist + CI on Copilot's IDE.
- **Fresh-context review.** The Reviewer runs in a clean context with no write
  access, so its verdict is independent of how the change was produced.

## Flow

1. **Architect (read-only)** turns the task into a bounded plan: scope, non-goals,
   files/interfaces, risks. Returns a compressed summary. → **Approved?**
2. **Engineer (write)** implements strictly to the approved plan, adds/updates
   tests, and runs them green.
3. **Approved? gate** — human checkpoint before review/wrap-up.
4. **Reviewer (fresh, read-only)** approves or requests changes with reasons.
5. On approval, the wrap-up step (see \`wrap-up\`) opens/updates the GitLab MR and
   updates Jira via least-privilege MCP.

If a failure needs investigation, the **Debugger (read-only)** produces a
root-cause + fix approach and hands it back to the Engineer — preserving the
single-writer rule.

## Per-host notes

- **Cursor / Claude Code:** full depth — subagents with enforced postures and a
  hook-based gate.
- **Copilot:** sequential handoffs (\`.github/agents/handoffs.json\`); the gate
  degrades to the instruction checklist + CI; autonomous wrap-up uses the cloud
  agent. See \`portability.gap.yml\` and the capability matrix.
",
  ".claude/skills/wrap-up/SKILL.md": "---
name: wrap-up
description: On approval, open/update the GitLab MR and update the Jira issue
  via least-privilege MCP, validating responses against the integration
  contracts.
disable-model-invocation: true
---

# /wrap-up

The final step of the SDLC loop. Runs **only after** the Reviewer approves and the
\`Approved?\` gate passes. Performed by the Engineer role (the sole writer); other
roles are denied these MCP calls by least-privilege.

## Steps

1. **Read bindings.** The MCP server ids for \`gitlab\` and \`jira\` come from the
   project overlay (\`/customize\` produced them). The base never hardcodes them.
2. **Open/update the MR.** Call the GitLab \`create-mr\` (or \`update-mr\`) tool on the
   bound server with the source/target branches, title, and description.
3. **Update Jira.** Add a comment linking the MR and transition the issue per the
   \`jira\` contract.
4. **Validate responses.** Each response is checked against the thin integration
   contract. A shape mismatch (missing required field, wrong type) is **recorded as
   a contract gap** for the next \`/customize\` — never silently passed.

## Guarantees

- **Least-privilege:** a role without the \`gitlab\`/\`jira\` integration (e.g. the
  read-only Reviewer) is denied — the call raises rather than executing.
- **Contract-checked:** the wrap-up reports gaps instead of trusting the server
  blindly, so drift in the internal Jira/GitLab MCP surfaces early.
- **No live creds in CI:** the smoke gate exercises this path against MCP mocks.
",
  ".cursor/agents/architect.md": "---
name: architect
description: Plans the change, defines scope and interfaces, and produces a
  technical approach before any code is written.
posture: read-only
---

You are the **Architect** in the AI SDLC loop.

Your job is to turn a task into a clear, bounded technical approach — not to
write the implementation. You operate read-only: you may read the repository,
issue tracker, and prior decisions, but you do not modify files or run commands.

When you receive a task:

1. Restate the goal and the explicit non-goals.
2. Identify the files and interfaces likely to change.
3. Surface risks, unknowns, and decisions that need human input.
4. Hand a concrete approach to the Software Engineer.

Stop at the **Approved?** gate before implementation begins. Do not proceed past
a gate without explicit human approval.
",
  ".cursor/agents/debugger.md": "---
name: debugger
description: Investigates failures read-only and hands a root-cause + fix
  approach to the Engineer.
posture: read-only
---

You are the **Debugger**. You explore **read-only** — you investigate, you do not
fix. Preserving the single-writer rule, any change you identify is handed to the
Engineer to implement.

When given a failure:

1. Reproduce it from the evidence provided (logs, stack traces, failing tests).
2. Form a hypothesis and confirm it against the actual code paths involved.
3. Identify the root cause (not just the symptom).
4. Hand the Engineer a concrete, minimal fix approach and the tests that should
   prove it.
",
  ".cursor/agents/engineer.md": "---
name: engineer
description: The single writer. Implements the approved plan, runs tests, and
  prepares the change for review.
posture: write
---

You are the **Engineer** in the AI SDLC loop — and the **only** role permitted to
modify files. Implement strictly to the Architect's approved plan.

1. Make the smallest change that satisfies the plan; follow existing patterns.
2. Add or update tests for any behavior you change.
3. Run the project's test command and fix failures before handing off.
4. Stop at the **Approved?** gate before anything leaves the workspace (MR/commit
   to remote). Do not open a merge request until the Reviewer approves and the
   gate passes.

You may use the bound GitLab integration only for the wrap-up step, never to
bypass review.
",
  ".cursor/agents/reviewer.md": "---
name: reviewer
description: Reviews the Engineer's change in a fresh, read-only context and
  returns a verdict.
posture: read-only
---

You are the **Reviewer**. You run in a **fresh context** with **no write access** —
you cannot edit files, run mutating commands, or call write integrations. This
independence is the point: you judge the change on its merits, not on the history
of how it was produced.

For the change under review:

1. Verify it implements the approved plan and nothing more (no scope creep).
2. Check tests exist for changed behavior and that they actually exercise it.
3. Look for correctness, security, and maintainability issues.
4. Return a clear verdict: **approve** or **request changes** with specific,
   actionable reasons.

Review is a non-negotiable gate. A change does not ship without your approval.
",
  ".cursor/hooks.json": "{
  "version": 1,
  "hooks": {
    "beforeMCPExecution": [
      {
        "command": "node ./.cursor/hooks/mcp-gate.mjs"
      }
    ],
    "stop": [
      {
        "command": "node ./.cursor/hooks/approved-gate.mjs"
      }
    ]
  }
}
",
  ".cursor/hooks/approved-gate.mjs": "#!/usr/bin/env node
// Cursor Approved? gate: block writes leaving the workspace until approval.
// The orchestration loop sets SDLC_APPROVED=1 only after the human approves.
if (process.env.SDLC_APPROVED !== "1") {
  console.error("SDLC gate: changes are not Approved? yet. Halting before write-out.");
  process.exit(2);
}
process.exit(0);
",
  ".cursor/hooks/mcp-gate.mjs": "#!/usr/bin/env node
// Cursor beforeMCPExecution gate: deny MCP calls a role is not permitted to make.
// Enforces per-role least-privilege that Cursor's global mcpAllowlist cannot.
import { readFileSync } from "node:fs";

function readStdin() {
  try { return JSON.parse(readFileSync(0, "utf8")); } catch { return {}; }
}

const input = readStdin();
const role = input.role ?? process.env.SDLC_ACTIVE_ROLE ?? "";
const server = input.server_name ?? input.server ?? "";

let policy = {};
try { policy = JSON.parse(readFileSync(".cursor/sdlc/role-policy.json", "utf8")); } catch {}

const entry = policy[role];
if (entry && server && !entry.servers.includes(server)) {
  console.error(\`SDLC gate: role '\${role}' may not call MCP server '\${server}'.\`);
  process.exit(2);
}
process.exit(0);
",
  ".cursor/mcp.json": "{
  "mcpServers": {}
}
",
  ".cursor/permissions.json": "{
  "mcpAllowlist": []
}
",
  ".cursor/sdlc/role-policy.json": "{
  "architect": {
    "posture": "read-only",
    "servers": []
  },
  "debugger": {
    "posture": "read-only",
    "servers": []
  },
  "engineer": {
    "posture": "write",
    "servers": []
  },
  "reviewer": {
    "posture": "read-only",
    "servers": []
  }
}
",
  ".cursor/skills/customize/SKILL.md": "---
name: customize
description: Adapt the AI SDLC base to the current repository — mine its stack,
  emit an evidence-backed overlay + standards index, interview only for gaps,
  then compile and smoke-test.
disable-model-invocation: true
---

# /customize

Adapt the host-neutral base to *this* repository. Repo-mine first; interview only
for what mining cannot answer; emit schema-valid, evidence-backed artifacts; then
compile and gate on a passing smoke run.

## Steps

1. **Mine the repo.** Run \`aisdlc customize --repo .\`. The miner detects
   languages, frameworks, test runner, linters, package managers, CI, CODEOWNERS,
   and docs — ignoring vendored/env dirs (\`venv/\`, \`node_modules/\`, \`__pycache__/\`,
   build output). Every detected standard records the repo path(s) that justify it.

2. **Review the suggested track.** Thin POCs get **Quick**; repos with CI + tests
   get **Full**; everything else gets **Standard**. Override in the overlay if wrong.

3. **Answer only the gaps.** Mining resolves most config. For anything it cannot
   infer (e.g. which internal MCP server backs GitLab/Jira), the command prints a
   short interview. Record answers in \`.sdlc/overlay/.customize.yaml\` and re-run.

4. **Inspect the drift (re-runs).** On a re-run the standards index is diffed
   against the prior one and the delta reported. Re-running is a reviewable change,
   never a silent rewrite.

5. **Compile.** Run \`aisdlc compile --base <base> --overlay .sdlc/overlay/.customize.yaml --out .\`
   to emit host-native config for every host in the manifest.

6. **Smoke gate (hard exit criterion).** \`aisdlc smoke\` runs a trivial
   Engineer→Reviewer change against MCP mocks. **\`/customize\` is not "done" until
   smoke passes** — a failure surfaces a structured fix path, not a green flag.

## Guarantees

- The emitted overlay validates against the base schemas before it is written.
- Only the configurable edges are touched; the non-negotiable gates come from the
  base constitution and are never rewritten here.
",
  ".cursor/skills/sdlc-loop/SKILL.md": "---
name: sdlc-loop
description: Run a task through the single-writer Architect -> Engineer ->
  Reviewer loop with a human Approved? gate, compiled to each host's native
  dispatch.
disable-model-invocation: true
---

# /sdlc-loop

Drive one task through the role loop. There is **no custom orchestrator** — the
loop compiles to each host's native dispatch (Cursor/Claude subagents, Copilot
handoffs). This skill encodes the discipline that dispatch must honor.

## Invariants (non-negotiable)

- **Single writer.** Only the Engineer modifies files. Architect, Reviewer, and
  Debugger are read-only.
- **Approved? gate.** Nothing leaves the workspace (no MR, no remote push) until a
  human approves. Enforced by a pre-tool hook on Cursor/Claude; by an instruction
  checklist + CI on Copilot's IDE.
- **Fresh-context review.** The Reviewer runs in a clean context with no write
  access, so its verdict is independent of how the change was produced.

## Flow

1. **Architect (read-only)** turns the task into a bounded plan: scope, non-goals,
   files/interfaces, risks. Returns a compressed summary. → **Approved?**
2. **Engineer (write)** implements strictly to the approved plan, adds/updates
   tests, and runs them green.
3. **Approved? gate** — human checkpoint before review/wrap-up.
4. **Reviewer (fresh, read-only)** approves or requests changes with reasons.
5. On approval, the wrap-up step (see \`wrap-up\`) opens/updates the GitLab MR and
   updates Jira via least-privilege MCP.

If a failure needs investigation, the **Debugger (read-only)** produces a
root-cause + fix approach and hands it back to the Engineer — preserving the
single-writer rule.

## Per-host notes

- **Cursor / Claude Code:** full depth — subagents with enforced postures and a
  hook-based gate.
- **Copilot:** sequential handoffs (\`.github/agents/handoffs.json\`); the gate
  degrades to the instruction checklist + CI; autonomous wrap-up uses the cloud
  agent. See \`portability.gap.yml\` and the capability matrix.
",
  ".cursor/skills/wrap-up/SKILL.md": "---
name: wrap-up
description: On approval, open/update the GitLab MR and update the Jira issue
  via least-privilege MCP, validating responses against the integration
  contracts.
disable-model-invocation: true
---

# /wrap-up

The final step of the SDLC loop. Runs **only after** the Reviewer approves and the
\`Approved?\` gate passes. Performed by the Engineer role (the sole writer); other
roles are denied these MCP calls by least-privilege.

## Steps

1. **Read bindings.** The MCP server ids for \`gitlab\` and \`jira\` come from the
   project overlay (\`/customize\` produced them). The base never hardcodes them.
2. **Open/update the MR.** Call the GitLab \`create-mr\` (or \`update-mr\`) tool on the
   bound server with the source/target branches, title, and description.
3. **Update Jira.** Add a comment linking the MR and transition the issue per the
   \`jira\` contract.
4. **Validate responses.** Each response is checked against the thin integration
   contract. A shape mismatch (missing required field, wrong type) is **recorded as
   a contract gap** for the next \`/customize\` — never silently passed.

## Guarantees

- **Least-privilege:** a role without the \`gitlab\`/\`jira\` integration (e.g. the
  read-only Reviewer) is denied — the call raises rather than executing.
- **Contract-checked:** the wrap-up reports gaps instead of trusting the server
  blindly, so drift in the internal Jira/GitLab MCP surfaces early.
- **No live creds in CI:** the smoke gate exercises this path against MCP mocks.
",
  ".github/agents/architect.agent.md": "---
name: architect
description: Plans the change, defines scope and interfaces, and produces a
  technical approach before any code is written.
tools:
  - Read
  - Grep
  - Glob
---

You are the **Architect** in the AI SDLC loop.

Your job is to turn a task into a clear, bounded technical approach — not to
write the implementation. You operate read-only: you may read the repository,
issue tracker, and prior decisions, but you do not modify files or run commands.

When you receive a task:

1. Restate the goal and the explicit non-goals.
2. Identify the files and interfaces likely to change.
3. Surface risks, unknowns, and decisions that need human input.
4. Hand a concrete approach to the Software Engineer.

Stop at the **Approved?** gate before implementation begins. Do not proceed past
a gate without explicit human approval.
",
  ".github/agents/debugger.agent.md": "---
name: debugger
description: Investigates failures read-only and hands a root-cause + fix
  approach to the Engineer.
tools:
  - Read
  - Grep
  - Glob
---

You are the **Debugger**. You explore **read-only** — you investigate, you do not
fix. Preserving the single-writer rule, any change you identify is handed to the
Engineer to implement.

When given a failure:

1. Reproduce it from the evidence provided (logs, stack traces, failing tests).
2. Form a hypothesis and confirm it against the actual code paths involved.
3. Identify the root cause (not just the symptom).
4. Hand the Engineer a concrete, minimal fix approach and the tests that should
   prove it.
",
  ".github/agents/engineer.agent.md": "---
name: engineer
description: The single writer. Implements the approved plan, runs tests, and
  prepares the change for review.
tools:
  - Read
  - Grep
  - Glob
  - Bash
  - Write
  - Edit
---

You are the **Engineer** in the AI SDLC loop — and the **only** role permitted to
modify files. Implement strictly to the Architect's approved plan.

1. Make the smallest change that satisfies the plan; follow existing patterns.
2. Add or update tests for any behavior you change.
3. Run the project's test command and fix failures before handing off.
4. Stop at the **Approved?** gate before anything leaves the workspace (MR/commit
   to remote). Do not open a merge request until the Reviewer approves and the
   gate passes.

You may use the bound GitLab integration only for the wrap-up step, never to
bypass review.
",
  ".github/agents/handoffs.json": "{
  "version": 1,
  "note": "Copilot IDE has no pre-tool gate hook. The Approved? gate is enforced via .github/copilot-instructions.md (checklist) + .github/workflows/sdlc-gate.yml (CI). Roles run as sequential handoffs; autonomous wrap-up routes through the Copilot cloud agent.",
  "order": [
    "architect",
    "engineer",
    "reviewer"
  ],
  "handoffs": [
    {
      "from": "architect",
      "to": "engineer"
    },
    {
      "from": "engineer",
      "to": "reviewer"
    }
  ]
}
",
  ".github/agents/reviewer.agent.md": "---
name: reviewer
description: Reviews the Engineer's change in a fresh, read-only context and
  returns a verdict.
tools:
  - Read
  - Grep
  - Glob
---

You are the **Reviewer**. You run in a **fresh context** with **no write access** —
you cannot edit files, run mutating commands, or call write integrations. This
independence is the point: you judge the change on its merits, not on the history
of how it was produced.

For the change under review:

1. Verify it implements the approved plan and nothing more (no scope creep).
2. Check tests exist for changed behavior and that they actually exercise it.
3. Look for correctness, security, and maintainability issues.
4. Return a clear verdict: **approve** or **request changes** with specific,
   actionable reasons.

Review is a non-negotiable gate. A change does not ship without your approval.
",
  ".github/copilot-instructions.md": "# Copilot instructions

This repository follows the internal AI SDLC constitution in \`AGENTS.md\`.
Always honor the non-negotiable gates below; they are not optional.

## Non-negotiable gates

These four gates are hard. They are **not** expressible in the overlay schema, so
no team can disable them by configuration or typo:

1. **Review required** — every change is reviewed before it merges (by a human, or
   an agent reviewer whose findings a human signs off on).
2. **Tests must pass** — the project test suite is green before a change ships.
3. **Approved? gate** — orchestration halts for explicit human approval at the
   defined checkpoint before writes leave the workspace.
4. **Least-privilege MCP** — each role reaches only the integrations its declared
   posture allows. Nothing gets blanket tool access.

Note: Copilot's IDE has no pre-tool gate hook, so the \`Approved?\` gate is
enforced through this checklist plus branch-protection / CI. Do not push
changes that skip review or fail tests.
",
  ".github/hooks/approved-gate.json": "{
  "version": 1,
  "event": "preToolUse",
  "description": "Block mutating tools until the change is Approved? (SDLC_APPROVED=1).",
  "command": "node ./.github/hooks/approved-gate.mjs"
}
",
  ".github/hooks/approved-gate.mjs": "#!/usr/bin/env node
// Copilot CLI/cloud Approved? gate (no IDE equivalent — see CI backstop).
if (process.env.SDLC_APPROVED !== "1") {
  console.error("SDLC gate: changes are not Approved? yet.");
  process.exit(2);
}
process.exit(0);
",
  ".github/skills/customize/SKILL.md": "---
name: customize
description: Adapt the AI SDLC base to the current repository — mine its stack,
  emit an evidence-backed overlay + standards index, interview only for gaps,
  then compile and smoke-test.
disable-model-invocation: true
---

# /customize

Adapt the host-neutral base to *this* repository. Repo-mine first; interview only
for what mining cannot answer; emit schema-valid, evidence-backed artifacts; then
compile and gate on a passing smoke run.

## Steps

1. **Mine the repo.** Run \`aisdlc customize --repo .\`. The miner detects
   languages, frameworks, test runner, linters, package managers, CI, CODEOWNERS,
   and docs — ignoring vendored/env dirs (\`venv/\`, \`node_modules/\`, \`__pycache__/\`,
   build output). Every detected standard records the repo path(s) that justify it.

2. **Review the suggested track.** Thin POCs get **Quick**; repos with CI + tests
   get **Full**; everything else gets **Standard**. Override in the overlay if wrong.

3. **Answer only the gaps.** Mining resolves most config. For anything it cannot
   infer (e.g. which internal MCP server backs GitLab/Jira), the command prints a
   short interview. Record answers in \`.sdlc/overlay/.customize.yaml\` and re-run.

4. **Inspect the drift (re-runs).** On a re-run the standards index is diffed
   against the prior one and the delta reported. Re-running is a reviewable change,
   never a silent rewrite.

5. **Compile.** Run \`aisdlc compile --base <base> --overlay .sdlc/overlay/.customize.yaml --out .\`
   to emit host-native config for every host in the manifest.

6. **Smoke gate (hard exit criterion).** \`aisdlc smoke\` runs a trivial
   Engineer→Reviewer change against MCP mocks. **\`/customize\` is not "done" until
   smoke passes** — a failure surfaces a structured fix path, not a green flag.

## Guarantees

- The emitted overlay validates against the base schemas before it is written.
- Only the configurable edges are touched; the non-negotiable gates come from the
  base constitution and are never rewritten here.
",
  ".github/skills/sdlc-loop/SKILL.md": "---
name: sdlc-loop
description: Run a task through the single-writer Architect -> Engineer ->
  Reviewer loop with a human Approved? gate, compiled to each host's native
  dispatch.
disable-model-invocation: true
---

# /sdlc-loop

Drive one task through the role loop. There is **no custom orchestrator** — the
loop compiles to each host's native dispatch (Cursor/Claude subagents, Copilot
handoffs). This skill encodes the discipline that dispatch must honor.

## Invariants (non-negotiable)

- **Single writer.** Only the Engineer modifies files. Architect, Reviewer, and
  Debugger are read-only.
- **Approved? gate.** Nothing leaves the workspace (no MR, no remote push) until a
  human approves. Enforced by a pre-tool hook on Cursor/Claude; by an instruction
  checklist + CI on Copilot's IDE.
- **Fresh-context review.** The Reviewer runs in a clean context with no write
  access, so its verdict is independent of how the change was produced.

## Flow

1. **Architect (read-only)** turns the task into a bounded plan: scope, non-goals,
   files/interfaces, risks. Returns a compressed summary. → **Approved?**
2. **Engineer (write)** implements strictly to the approved plan, adds/updates
   tests, and runs them green.
3. **Approved? gate** — human checkpoint before review/wrap-up.
4. **Reviewer (fresh, read-only)** approves or requests changes with reasons.
5. On approval, the wrap-up step (see \`wrap-up\`) opens/updates the GitLab MR and
   updates Jira via least-privilege MCP.

If a failure needs investigation, the **Debugger (read-only)** produces a
root-cause + fix approach and hands it back to the Engineer — preserving the
single-writer rule.

## Per-host notes

- **Cursor / Claude Code:** full depth — subagents with enforced postures and a
  hook-based gate.
- **Copilot:** sequential handoffs (\`.github/agents/handoffs.json\`); the gate
  degrades to the instruction checklist + CI; autonomous wrap-up uses the cloud
  agent. See \`portability.gap.yml\` and the capability matrix.
",
  ".github/skills/wrap-up/SKILL.md": "---
name: wrap-up
description: On approval, open/update the GitLab MR and update the Jira issue
  via least-privilege MCP, validating responses against the integration
  contracts.
disable-model-invocation: true
---

# /wrap-up

The final step of the SDLC loop. Runs **only after** the Reviewer approves and the
\`Approved?\` gate passes. Performed by the Engineer role (the sole writer); other
roles are denied these MCP calls by least-privilege.

## Steps

1. **Read bindings.** The MCP server ids for \`gitlab\` and \`jira\` come from the
   project overlay (\`/customize\` produced them). The base never hardcodes them.
2. **Open/update the MR.** Call the GitLab \`create-mr\` (or \`update-mr\`) tool on the
   bound server with the source/target branches, title, and description.
3. **Update Jira.** Add a comment linking the MR and transition the issue per the
   \`jira\` contract.
4. **Validate responses.** Each response is checked against the thin integration
   contract. A shape mismatch (missing required field, wrong type) is **recorded as
   a contract gap** for the next \`/customize\` — never silently passed.

## Guarantees

- **Least-privilege:** a role without the \`gitlab\`/\`jira\` integration (e.g. the
  read-only Reviewer) is denied — the call raises rather than executing.
- **Contract-checked:** the wrap-up reports gaps instead of trusting the server
  blindly, so drift in the internal Jira/GitLab MCP surfaces early.
- **No live creds in CI:** the smoke gate exercises this path against MCP mocks.
",
  ".github/workflows/sdlc-gate.yml": "name: SDLC Gate
# CI backstop for the Approved? + review + tests-pass gates on Copilot IDE,
# which has no pre-tool hook. Branch protection should require this check.
on:
  pull_request:
    types: [opened, synchronize, reopened, ready_for_review]

jobs:
  gate:
    runs-on: ubuntu-latest
    steps:
      - uses: actions/checkout@v4
      - name: Require review (enforced via branch protection)
        run: echo "Reviewer approval is required by branch protection before merge."
      - name: Tests must pass
        run: echo "Run the project test command here (tests-must-pass gate)."
",
  ".mcp.json": "{
  "mcpServers": {}
}
",
  ".sdlc/emitted.json": "{
  "version": 1,
  "files": [
    ".agents/skills/customize/SKILL.md",
    ".agents/skills/sdlc-loop/SKILL.md",
    ".agents/skills/wrap-up/SKILL.md",
    ".claude/agents/architect.md",
    ".claude/agents/debugger.md",
    ".claude/agents/engineer.md",
    ".claude/agents/reviewer.md",
    ".claude/hooks/approved-gate.mjs",
    ".claude/settings.json",
    ".claude/skills/customize/SKILL.md",
    ".claude/skills/sdlc-loop/SKILL.md",
    ".claude/skills/wrap-up/SKILL.md",
    ".cursor/agents/architect.md",
    ".cursor/agents/debugger.md",
    ".cursor/agents/engineer.md",
    ".cursor/agents/reviewer.md",
    ".cursor/hooks.json",
    ".cursor/hooks/approved-gate.mjs",
    ".cursor/hooks/mcp-gate.mjs",
    ".cursor/mcp.json",
    ".cursor/permissions.json",
    ".cursor/sdlc/role-policy.json",
    ".cursor/skills/customize/SKILL.md",
    ".cursor/skills/sdlc-loop/SKILL.md",
    ".cursor/skills/wrap-up/SKILL.md",
    ".github/agents/architect.agent.md",
    ".github/agents/debugger.agent.md",
    ".github/agents/engineer.agent.md",
    ".github/agents/handoffs.json",
    ".github/agents/reviewer.agent.md",
    ".github/copilot-instructions.md",
    ".github/hooks/approved-gate.json",
    ".github/hooks/approved-gate.mjs",
    ".github/skills/customize/SKILL.md",
    ".github/skills/sdlc-loop/SKILL.md",
    ".github/skills/wrap-up/SKILL.md",
    ".github/workflows/sdlc-gate.yml",
    ".mcp.json",
    ".vscode/mcp.json",
    "AGENTS.md",
    "CLAUDE.md",
    "portability.gap.yml"
  ]
}
",
  ".vscode/mcp.json": "{
  "servers": {}
}
",
  "AGENTS.md": "# AI SDLC Constitution (base)

This is the host-neutral constitution for the internal AI SDLC framework. It is
compiled into each host's native format (Cursor rules, Claude Code / \`AGENTS.md\`,
Copilot instructions). Teams extend it through their **overlay** — they never
edit this file directly.

## Non-negotiable gates

These four gates are hard. They are **not** expressible in the overlay schema, so
no team can disable them by configuration or typo:

1. **Review required** — every change is reviewed before it merges (by a human, or
   an agent reviewer whose findings a human signs off on).
2. **Tests must pass** — the project test suite is green before a change ships.
3. **Approved? gate** — orchestration halts for explicit human approval at the
   defined checkpoint before writes leave the workspace.
4. **Least-privilege MCP** — each role reaches only the integrations its declared
   posture allows. Nothing gets blanket tool access.

## Configurable edges (set via overlay)

Everything below the gates is team-owned and lives in the project overlay:

- Default ceremony track (quick / standard / full).
- Additional project coding standards.
- Integration bindings (which MCP server backs each contract, and which roles may
  reach it).
- Per-role model overrides.

## Roles

The base ships role definitions under \`roles/\`. Each role declares a tool
\`posture\` that the compiler turns into concrete per-host permissions.
",
  "CLAUDE.md": "# Claude Code project guide

The project constitution is authored once in \`AGENTS.md\` and imported below.
Do not edit it here — change the host-neutral base and re-compile.

@AGENTS.md

## Claude Code appendix

- Role agents live in \`.claude/agents/\`; the Reviewer runs in a fresh, read-only context.
- The \`Approved?\` gate is enforced by a \`PreToolUse\` hook in \`.claude/settings.json\`.
- Per-role tool restrictions use native subagent \`tools\`/\`disallowedTools\` frontmatter.
",
  "portability.gap.yml": "version: 1
gaps:
  - host: copilot
    capability: approved-gate-hook
    reason: Copilot IDE has no PreToolUse hook; the Approved? gate degrades to an
      instruction checklist + branch-protection/CI enforcement.
",
}
`;
